../Core/Src/main.c:69:5:__io_putchar	16	static
../Core/Src/main.c:75:6:jumpAssembly	16	static,ignoring_inline_asm
../Core/Src/main.c:80:6:print_firstname	4	static,ignoring_inline_asm
../Core/Src/main.c:85:6:print_lastname	4	static,ignoring_inline_asm
../Core/Src/main.c:90:6:print_success	4	static,ignoring_inline_asm
../Core/Src/main.c:95:6:print_continuously	16	static
../Core/Src/main.c:103:6:print_thread1	16	static
../Core/Src/main.c:112:6:print_thread2	16	static
../Core/Src/main.c:130:6:thread1_multitasking	16	static
../Core/Src/main.c:139:6:thread2_multitasking	24	static
../Core/Src/main.c:151:6:thread1_EDF_test	24	static
../Core/Src/main.c:160:6:thread2_EDF_test	24	static
../Core/Src/main.c:169:6:thread3_EDF_test	24	static
../Core/Src/main.c:178:6:thread4_EDF_test	24	static
../Core/Src/main.c:193:5:main	24	static
../Core/Src/main.c:259:6:SystemClock_Config	88	static
../Core/Src/main.c:306:13:MX_USART2_UART_Init	8	static
../Core/Src/main.c:339:13:MX_GPIO_Init	48	static
../Core/Src/main.c:379:6:Error_Handler	4	static,ignoring_inline_asm
